###############################################################################
#
# IAR C/C++ Compiler V7.12.1.987/W32 for MSP430           17/Mar/2019  12:24:29
# Copyright 1996-2018 IAR Systems AB.
# PC-locked license - IAR Embedded Workbench for Texas Instruments MSP430, 8K KickStart Edition 7.12
#
#    __rt_version  =  3
#    __double_size =  32
#    __reg_r4      =  free
#    __reg_r5      =  free
#    __pic         =  no
#    __core        =  430X
#    __data_model  =  small
#    __code_model  =  large
#    Source file   =  
#        C:\Users\Michael\Documents\2019\ECE 306\ECE-306_code\Project 06\ADC.c
#    Command line  =  
#        -f C:\Users\Michael\AppData\Local\Temp\EW87A7.tmp
#        ("C:\Users\Michael\Documents\2019\ECE 306\ECE-306_code\Project
#        06\ADC.c" -lC "C:\Users\Michael\Documents\2019\ECE
#        306\ECE-306_code\Project 06\Debug\List" -o
#        "C:\Users\Michael\Documents\2019\ECE 306\ECE-306_code\Project
#        06\Debug\Obj" --no_cse --no_unroll --no_inline --no_code_motion
#        --no_tbaa --debug -D__MSP430FR2355__ -e --double=32 --dlib_config
#        "C:\Program Files (x86)\IAR Systems\Embedded Workbench
#        8.0\430\lib\dlib\dl430xlsfn.h" -I ./\ --core=430X --data_model=small
#        -On --multiplier=32 --hw_workaround=CPU40 --code_model=large)
#    Locale        =  English_USA.1252
#    List file     =  
#        C:\Users\Michael\Documents\2019\ECE 306\ECE-306_code\Project
#        06\Debug\List\ADC.lst
#    Object file   =  
#        C:\Users\Michael\Documents\2019\ECE 306\ECE-306_code\Project
#        06\Debug\Obj\ADC.r43
#
###############################################################################

C:\Users\Michael\Documents\2019\ECE 306\ECE-306_code\Project 06\ADC.c
      1          //------------------------------------------------------------------------------
      2          //
      3          //  Description: This file contains the functions to initiate the ADC Registers 
      4          //  to set pins 2, 3, and 5 to measure the V_Detect_L, V_Detece_R, and V_Thumb 
      5          //  respectively.
      6          //  
      7          //
      8          //  Michael Barilla
      9          //  Mar 2019
     10          //  Built with IAR Embedded Workbench Version: V4.10A/W32 (7.11.2)
     11          //------------------------------------------------------------------------------
     12          #include  "functions.h"
     13          #include  "msp430.h"

   \                                 In  segment DATA16_AN, at 0x700
   \   union <unnamed> _A_ADCCTL0_L
   \                     _A_ADCCTL0_L:
   \   000000                DS8 2

   \                                 In  segment DATA16_AN, at 0x702
   \   union <unnamed> _A_ADCCTL1_L
   \                     _A_ADCCTL1_L:
   \   000000                DS8 2

   \                                 In  segment DATA16_AN, at 0x704
   \   union <unnamed> _A_ADCCTL2_L
   \                     _A_ADCCTL2_L:
   \   000000                DS8 2

   \                                 In  segment DATA16_AN, at 0x70a
   \   union <unnamed> _A_ADCMCTL0_L
   \                     _A_ADCMCTL0_L:
   \   000000                DS8 2

   \                                 In  segment DATA16_AN, at 0x71a
   \   union <unnamed> _A_ADCIE_L
   \                     _A_ADCIE_L:
   \   000000                DS8 2

   \                                 In  segment DATA16_AN, at 0x242
   \   union <unnamed> _A_PCOUT_L
   \                     _A_PCOUT_L:
   \   000000                DS8 2
     14          #include "macros.h"
     15          #include <string.h>
     16          
     17          extern volatile unsigned char display_changed;
     18          extern char display_line[FOURTH][COUNT_ELEVEN];
     19          

   \                                 In  segment CODE, align 2
     20          void Init_ADC(void){
   \                     Init_ADC:
     21            //----------------------------------------------------------------------------
     22            //    V_DETECT_L       (0x04) // Pin 2 A2
     23            //    V_DETECT_R       (0x08) // Pin 3 A3
     24            //    V_THUMB          (0x20) // Pin 5 A5
     25            //----------------------------------------------------------------------------
     26            
     27            //ADCCTL0 Register
     28              ADCCTL0  = RESET_STATE;     //Reset
   \   000000   82430007     MOV.W   #0x0, &0x700
     29              ADCCTL0 |= ADCSHT_2;        //16 ADC clocks
   \   000004   B2D000020007 BIS.W   #0x200, &0x700
     30              ADCCTL0 |= ADCMSC;          //MSC
   \   00000A   B2D080000007 BIS.W   #0x80, &0x700
     31              ADCCTL0 |= ADCON;           //ADC ON
   \   000010   B2D010000007 BIS.W   #0x10, &0x700
     32              
     33            //ADCCTL1 Register
     34              ADCCTL1  = RESET_STATE;     //Reset
   \   000016   82430207     MOV.W   #0x0, &0x702
     35              ADCCTL1 |= ADCSHS_0;        //00b = ADCSC bit
   \   00001A   924202070207 MOV.W   &0x702, &0x702
     36              ADCCTL1 |= ADCSHP;          //ADC sample-and-hold SAMPCON signal from sampling timer.
   \   000020   B2D000020207 BIS.W   #0x200, &0x702
     37              ADCCTL1 &= ~ADCISSH;        //ADC invert signal sample - and - hold.
   \   000026   B2C000010207 BIC.W   #0x100, &0x702
     38              ADCCTL1 |= ADCDIV_0;        //ADC clock divider -000b = Divide by 1
   \   00002C   924202070207 MOV.W   &0x702, &0x702
     39              ADCCTL1 |= ADCSSEL_0;       //ADC clock MODCLK
   \   000032   924202070207 MOV.W   &0x702, &0x702
     40              ADCCTL1 |= ADCCONSEQ_0;     //ADC conversion sequence 00b = Single -channel single channel single -conversionconversion conversion
   \   000038   924202070207 MOV.W   &0x702, &0x702
     41            //ADCCTL1 & ADCBUSY identifies a conversion is in process 
     42            
     43            //ADCCTL2 Register 
     44              ADCCTL2 = RESET_STATE;      //Reset
   \   00003E   82430407     MOV.W   #0x0, &0x704
     45              ADCCTL2 |= ADCPDIV0;        //00b = Pre -divide by 1divide by 1 divide by 1 divide by 1
   \   000042   B2D000010407 BIS.W   #0x100, &0x704
     46              ADCCTL2 |= ADCRES_2;        //ADC resolution 10b = 12 bit (14 clock cycle conversion time)
   \   000048   B2D020000407 BIS.W   #0x20, &0x704
     47              ADCCTL2 &= ~ADCDF;          //ADC data read-back format 0b = Binary unsigned. back format 0b = Binary unsigned.
   \   00004E   B2C20407     BIC.W   #0x8, &0x704
     48              ADCCTL2 &= ~ADCSR;          //ADC sampling rate 0b = buffer supports up to 200 ksps
   \   000052   A2C20407     BIC.W   #0x4, &0x704
     49              
     50            //ADCMCTL0 Register           
     51              ADCMCTL0 |= ADCSREF_0;      //VREF - 000b = {VR+ = AVCC and VR- = AVSS}
   \   000056   92420A070A07 MOV.W   &0x70a, &0x70a
     52              ADCMCTL0 |= ADCINCH_5;      //V_THUMB (0x20) Pin 5 A5
   \   00005C   B2D005000A07 BIS.W   #0x5, &0x70a
     53              
     54              ADCIE &= ~ADCIE0;            // disable ADC conv complete interrupt 
   \   000062   92C31A07     BIC.W   #0x1, &0x71a
     55              ADCCTL0 &= ~ADCENC;          // ADC enable conversion. 
   \   000066   A2C30007     BIC.W   #0x2, &0x700
     56              ADCCTL0 &= ~ADCSC;           // ADC start conversion. 
   \   00006A   92C30007     BIC.W   #0x1, &0x700
     57          }
   \   00006E   1001         RETA
   \   000070                REQUIRE _A_ADCCTL0_L
   \   000070                REQUIRE _A_ADCCTL1_L
   \   000070                REQUIRE _A_ADCCTL2_L
   \   000070                REQUIRE _A_ADCMCTL0_L
   \   000070                REQUIRE _A_ADCIE_L
     58          

   \                                 In  segment CODE, align 2
     59          void Begin_ADC(void){
   \                     Begin_ADC:
     60            IR_LED_ON;                    //Turn on IR LED
   \   000000   F2D010004202 BIS.B   #0x10, &0x242
     61            strcpy(display_line[FIRST_LINE], " ADC ON  ");
   \   000006   3D40....     MOV.W   #`?<Constant " ADC ON  ">`, R13
   \   00000A   3C40....     MOV.W   #display_line, R12
   \   00000E   ........     CALLA   #strcpy
     62            display_changed = HIGH;       //Change Display
   \   000012   D243....     MOV.B   #0x1, &display_changed
     63            ADCIE |= ADCIE0;              //enable ADC conv complete interrupt
   \   000016   92D31A07     BIS.W   #0x1, &0x71a
     64            ADCCTL0 |= ADCENC;            //ADC enable conversion
   \   00001A   A2D30007     BIS.W   #0x2, &0x700
     65            ADCCTL0 |= ADCSC;             //ADC start conversion.
   \   00001E   92D30007     BIS.W   #0x1, &0x700
     66          }
   \   000022   1001         RETA
   \   000024                REQUIRE _A_PCOUT_L
   \   000024                REQUIRE _A_ADCIE_L
   \   000024                REQUIRE _A_ADCCTL0_L
     67          

   \                                 In  segment CODE, align 2
     68          void End_ADC(void){
   \                     End_ADC:
     69            IR_LED_OFF;                   //Turn Off IR LED
   \   000000   F2C010004202 BIC.B   #0x10, &0x242
     70            strcpy(display_line[FIRST_LINE], "  ADC OFF  ");
   \   000006   3D40....     MOV.W   #`?<Constant "  ADC OFF  ">`, R13
   \   00000A   3C40....     MOV.W   #display_line, R12
   \   00000E   ........     CALLA   #strcpy
     71            display_changed = HIGH;       //Change Display
   \   000012   D243....     MOV.B   #0x1, &display_changed
     72            ADCIE &= ~ADCIE0;             //disable ADC conv complete interrupt
   \   000016   92C31A07     BIC.W   #0x1, &0x71a
     73            ADCCTL0 &= ~ADCENC;           //ADC enable conversion
   \   00001A   A2C30007     BIC.W   #0x2, &0x700
     74            ADCCTL0 &= ~ADCSC;            //ADC Start conversion.
   \   00001E   92C30007     BIC.W   #0x1, &0x700
     75          }
   \   000022   1001         RETA
   \   000024                REQUIRE _A_PCOUT_L
   \   000024                REQUIRE _A_ADCIE_L
   \   000024                REQUIRE _A_ADCCTL0_L

   \                                 In  segment DATA16_C, align 1, align-sorted
   \                     `?<Constant " ADC ON  ">`:
   \   000000   20414443204F DC8 " ADC ON  "
   \            4E202000    

   \                                 In  segment DATA16_C, align 1, align-sorted
   \                     `?<Constant "  ADC OFF  ">`:
   \   000000   202041444320 DC8 "  ADC OFF  "
   \            4F4646202000

   Maximum stack usage in bytes:

   CSTACK Function
   ------ --------
      4   Begin_ADC
        4   -> strcpy
      4   End_ADC
        4   -> strcpy
      4   Init_ADC


   Segment part sizes:

   Bytes  Function/Label
   -----  --------------
      12  ?<Constant "  ADC OFF  ">
      10  ?<Constant " ADC ON  ">
      36  Begin_ADC
      36  End_ADC
     112  Init_ADC
       2  _A_ADCCTL0_L
       2  _A_ADCCTL1_L
       2  _A_ADCCTL2_L
       2  _A_ADCIE_L
       2  _A_ADCMCTL0_L
       2  _A_PCOUT_L

 
 184 bytes in segment CODE
  12 bytes in segment DATA16_AN
  22 bytes in segment DATA16_C
 
 184 bytes of CODE  memory
  22 bytes of CONST memory
   0 bytes of DATA  memory (+ 12 bytes shared)

Errors: none
Warnings: none
