################################################################################
#                                                                              #
#      IAR Universal Linker V6.5.1.95                                          #
#                                                                              #
#           Link time     =  25/Mar/2019  17:52:43                             #
#           Target CPU    =  MSP430                                            #
#           List file     =  "C:\Users\Michael\Documents\2019\ECE 306\ECE-306_ #
#                            code\Project 07 - OLD\Debug\List\Project 07.map"  #
#           Output file 1 =  "C:\Users\Michael\Documents\2019\ECE 306\ECE-306_ #
#                            code\Project 07 - OLD\Debug\Exe\Project 07.d43"   #
#                            Format: ubrof10                                   #
#                            UBROF version 10.0.6                              #
#                            Using library modules for C-SPY (-rt)             #
#           Command line  =  -f                                                #
#                            C:\Users\Michael\AppData\Local\Temp\EW17E4.tmp    #
#                            ("C:\Users\Michael\Documents\2019\ECE 306\ECE-306 #
#                            _code\Project 07 - OLD\Debug\Obj\ADC.r43"         #
#                            "C:\Users\Michael\Documents\2019\ECE 306\ECE-306_ #
#                            code\Project 07 - OLD\Debug\Obj\BCD.r43"          #
#                            "C:\Users\Michael\Documents\2019\ECE 306\ECE-306_ #
#                            code\Project 07 - OLD\Debug\Obj\calibrate.r43"    #
#                            "C:\Users\Michael\Documents\2019\ECE 306\ECE-306_ #
#                            code\Project 07 - OLD\Debug\Obj\clocks.r43"       #
#                            "C:\Users\Michael\Documents\2019\ECE 306\ECE-306_ #
#                            code\Project 07 - OLD\Debug\Obj\cruise.r43"       #
#                            "C:\Users\Michael\Documents\2019\ECE 306\ECE-306_ #
#                            code\Project 07 - OLD\Debug\Obj\init.r43"         #
#                            "C:\Users\Michael\Documents\2019\ECE 306\ECE-306_ #
#                            code\Project 07 - OLD\Debug\Obj\intercept.r43"    #
#                            "C:\Users\Michael\Documents\2019\ECE 306\ECE-306_ #
#                            code\Project 07 - OLD\Debug\Obj\interrupt_ADC.r43 #
#                            "                                                 #
#                            "C:\Users\Michael\Documents\2019\ECE 306\ECE-306_ #
#                            code\Project 07 - OLD\Debug\Obj\interrupt_switch1 #
#                            .r43"                                             #
#                            "C:\Users\Michael\Documents\2019\ECE 306\ECE-306_ #
#                            code\Project 07 - OLD\Debug\Obj\interrupt_switch2 #
#                            .r43"                                             #
#                            "C:\Users\Michael\Documents\2019\ECE 306\ECE-306_ #
#                            code\Project 07 - OLD\Debug\Obj\interrupt_timer.r #
#                            43"                                               #
#                            "C:\Users\Michael\Documents\2019\ECE 306\ECE-306_ #
#                            code\Project 07 - OLD\Compiled\LCD.r43"           #
#                            "C:\Users\Michael\Documents\2019\ECE 306\ECE-306_ #
#                            code\Project 07 - OLD\Debug\Obj\led.r43"          #
#                            "C:\Users\Michael\Documents\2019\ECE 306\ECE-306_ #
#                            code\Project 07 - OLD\Debug\Obj\main.r43"         #
#                            "C:\Users\Michael\Documents\2019\ECE 306\ECE-306_ #
#                            code\Project 07 - OLD\Debug\Obj\pid.r43"          #
#                            "C:\Users\Michael\Documents\2019\ECE 306\ECE-306_ #
#                            code\Project 07 - OLD\Debug\Obj\ports.r43"        #
#                            "C:\Users\Michael\Documents\2019\ECE 306\ECE-306_ #
#                            code\Project 07 - OLD\Debug\Obj\system.r43"       #
#                            "C:\Users\Michael\Documents\2019\ECE 306\ECE-306_ #
#                            code\Project 07 - OLD\Debug\Obj\time_display.r43" #
#                            "C:\Users\Michael\Documents\2019\ECE 306\ECE-306_ #
#                            code\Project 07 - OLD\Debug\Obj\timers.r43"       #
#                            -o                                                #
#                            "C:\Users\Michael\Documents\2019\ECE 306\ECE-306_ #
#                            code\Project 07 - OLD\Debug\Exe\Project 07.d43"   #
#                            -l                                                #
#                            "C:\Users\Michael\Documents\2019\ECE 306\ECE-306_ #
#                            code\Project 07 - OLD\Debug\List\Project 07.map"  #
#                            -xesni                                            #
#                            "-IC:\Program Files (x86)\IAR Systems\Embedded Wo #
#                            rkbench 8.0\430\LIB\"                             #
#                            -f                                                #
#                            "C:\Program Files (x86)\IAR Systems\Embedded Work #
#                            bench 8.0\430\config\linker\lnk430fr2355.xcl"     #
#                            (-cmsp430 -QCODE_I=CODE_ID -QTLS16_I=TLS16_ID     #
#                            -D__iar_HWMUL=4C0 -Z(CONST)INFO=1800-19FF         #
#                            -Z(DATA)TINYRAM=0006-001F                         #
#                            -Z(DATA)DATA16_I,DATA16_Z,DATA16_N,TLS16_I=2000-2 #
#                            FFF                                               #
#                            -Z(DATA)CODE_I                                    #
#                            -Z(DATA)DATA20_I,DATA20_Z,DATA20_N                #
#                            -Z(DATA)CSTACK+_STACK_SIZE#                       #
#                            -Z(CONST)FRWP_B1,DATA16_P,DATA20_P=8000-FF7F      #
#                            -Z(DATA)DATA16_HEAP+_DATA16_HEAP_SIZE,DATA20_HEAP #
#                            +_DATA20_HEAP_SIZE,FRWP_B2                        #
#                            -Z(CONST)DATA16_C,DATA16_ID,TLS16_ID,DIFUNCT,CHEC #
#                            KSUM=8000-FF7F                                    #
#                            -Z(CONST)DATA20_C,DATA20_ID                       #
#                            -Z(CODE)CSTART,ISR_CODE,CODE_ID=8000-FF7F         #
#                            -P(CODE)CODE,CODE16=8000-FF7F                     #
#                            -Z(CONST)BSLCONFIGURATIONSIGNATURE=FF88-FF89      #
#                            -Z(CONST)BSLCONFIGURATION=FF8A-FF8B               #
#                            -Z(CONST)BSLI2CADDRESS=FFA0-FFA1                  #
#                            -Z(CONST)JTAGSIGNATURE=FF80-FF83                  #
#                            -Z(CONST)BSLSIGNATURE=FF84-FF87                   #
#                            -Z(CODE)INTVEC=FFA2-FFFF                          #
#                            -Z(CODE)RESET=FFFE-FFFF) -f                       #
#                            "C:\Program Files (x86)\IAR Systems\Embedded Work #
#                            bench 8.0\430\config\linker\multiplier32.xcl"     #
#                            (-e?Mul8Hw=?Mul8 -e?Mul16Hw=?Mul16                #
#                            -e?Mul16to32uHw=?Mul16to32u                       #
#                            -e?Mul16to32sHw=?Mul16to32s -e?Mul32Hw32=?Mul32   #
#                            -e?Mul64Hw32=_Mul64i                              #
#                            -e?Mul32u32uto64iHw32=_Mul32u32uto64i             #
#                            -e?Mul32fHw32=_Mul32f                             #
#                            -e_Mul64fHw32Ptr=_Mul64fPtr) -D_STACK_SIZE=A0     #
#                            -rt                                               #
#                            "C:\Program Files (x86)\IAR Systems\Embedded Work #
#                            bench 8.0\430\lib\dlib\dl430xlsfn.r43"            #
#                            -e_PrintfLarge=_Printf -e_ScanfLarge=_Scanf       #
#                            -D_DATA16_HEAP_SIZE=A0 -s __program_start         #
#                            -D_DATA20_HEAP_SIZE=50)                           #
#                                                                              #
#                           Copyright (C) 1987-2016 IAR Systems AB.            #
################################################################################





                ****************************************
                *                                      *
                *           CROSS REFERENCE            *
                *                                      *
                ****************************************

       Program entry at :           8092  Relocatable, from module : ?cstart




                ****************************************
                *                                      *
                *            RUNTIME MODEL             *
                *                                      *
                ****************************************

  __Heap_Handler             = Basic
  __SystemLibrary            = DLib
  __code_model               = large
  __core                     = 430X
  __data_model               = small
  __dlib_file_descriptor     = 0
  __dlib_full_locale_support = 0
  __double_size              = 32
  __pic                      = no
  __reg_r4                   = free
  __reg_r5                   = free
  __rt_version               = 3

                ****************************************
                *                                      *
                *    AUTOMATIC SYMBOL REDIRECTIONS     *
                *                                      *
                ****************************************

                  There are no automatic symbol redirections.

                ****************************************
                *                                      *
                *              ENTRY LIST              *
                *                                      *
                ****************************************

Module  Entry                              Address
------  -----                              -------
?FILLER_BYTES
?ABS_ENTRY_MOD
        _DATA20_HEAP_SIZE                   0050
        _DATA16_HEAP_SIZE                   00A0
        _STACK_SIZE                         00A0
        __iar_HWMUL                         04C0
ADC ( C:\Users\Michael\Documents\2019\ECE 306\ECE-306_code\Project 07 - OLD\Debug\Obj\ADC.r43 )
        _A_ADCCTL0_L                        0700
        _A_ADCCTL1_L                        0702
        _A_ADCCTL2_L                        0704
        _A_ADCMCTL0_L                       070A
        _A_ADCIE_L                          071A
        _A_PCOUT_L                          0242
        Init_ADC                            8A94
        Begin_ADC                           8F68
        End_ADC                             NOT NEEDED
        ?setjmp_save_r4                     NOT NEEDED
        ?setjmp_save_r5                     NOT NEEDED
        ADCCTL0                             0700
        ADCCTL0_H                           0701
        ADCCTL0_L                           0700
        ADCCTL1                             0702
        ADCCTL1_H                           0703
        ADCCTL1_L                           0702
        ADCCTL2                             0704
        ADCCTL2_H                           0705
        ADCCTL2_L                           0704
        ADCMCTL0                            070A
        ADCMCTL0_H                          070B
        ADCMCTL0_L                          070A
        ADCIE                               071A
        ADCIE_H                             071B
        ADCIE_L                             071A
        PCOUT                               0242
        PCOUT_H                             0243
        PCOUT_L                             0242
BCD ( C:\Users\Michael\Documents\2019\ECE 306\ECE-306_code\Project 07 - OLD\Debug\Obj\BCD.r43 )
        bcd_char                            2070
        HEXtoBCD                            8882
        ?setjmp_save_r4                     NOT NEEDED
        ?setjmp_save_r5                     NOT NEEDED
calibrate ( C:\Users\Michael\Documents\2019\ECE 306\ECE-306_code\Project 07 - OLD\Debug\Obj\calibrate.r43 )
        _A_PAOUT_L                          0202
        _A_PCOUT_L                          NOT NEEDED
        calibrate_count                     2004
        white                               2006
        black                               2008
        midpoint                            200A
        R_average                           200C
        L_average                           200E
        sumR                                2010
        sumL                                2012
        state                               2002
        calibrate                           8454
        Read_ADC                            8D50
        displayADC                          8D9E
        ?setjmp_save_r4                     NOT NEEDED
        ?setjmp_save_r5                     NOT NEEDED
        PAOUT                               0202
        PAOUT_H                             0203
        PAOUT_L                             0202
        PCOUT                               0242
        PCOUT_H                             0243
        PCOUT_L                             0242
clocks ( C:\Users\Michael\Documents\2019\ECE 306\ECE-306_code\Project 07 - OLD\Debug\Obj\clocks.r43 )
        _A_CSCTL0_L                         0180
        _A_CSCTL1_L                         0182
        _A_CSCTL2_L                         0184
        _A_CSCTL3_L                         0186
        _A_CSCTL4_L                         0188
        _A_CSCTL5_L                         018A
        _A_CSCTL7_L                         018E
        _A_PM5CTL0_L                        0130
        _A_SFRIFG1_L                        0102
        _A_WDTCTL_L                         01CC
        Init_Clocks                         8BD8
        Software_Trim                       854E
        ?setjmp_save_r4                     NOT NEEDED
        ?setjmp_save_r5                     NOT NEEDED
        CSCTL0                              0180
        CSCTL0_H                            0181
        CSCTL0_L                            0180
        CSCTL1                              0182
        CSCTL1_H                            0183
        CSCTL1_L                            0182
        CSCTL2                              0184
        CSCTL2_H                            0185
        CSCTL2_L                            0184
        CSCTL3                              0186
        CSCTL3_H                            0187
        CSCTL3_L                            0186
        CSCTL4                              0188
        CSCTL4_H                            0189
        CSCTL4_L                            0188
        CSCTL5                              018A
        CSCTL5_H                            018B
        CSCTL5_L                            018A
        CSCTL7                              018E
        CSCTL7_H                            018F
        CSCTL7_L                            018E
        PM5CTL0                             0130
        PM5CTL0_H                           0131
        PM5CTL0_L                           0130
        SFRIFG1                             0102
        SFRIFG1_H                           0103
        SFRIFG1_L                           0102
        WDTCTL                              01CC
        WDTCTL_H                            01CD
        WDTCTL_L                            01CC
cruise ( C:\Users\Michael\Documents\2019\ECE 306\ECE-306_code\Project 07 - OLD\Debug\Obj\cruise.r43 )
        _A_TB0CCTL2_L                       0386
        _A_TB3CCR1_L                        0454
        _A_TB3CCR2_L                        0456
        _A_TB3CCR3_L                        0458
        _A_TB3CCR4_L                        045A
        drive_count                         2014
        driveForward                        9024
        driveReverse                        NOT NEEDED
        turnRight                           NOT NEEDED
        turnLeft                            NOT NEEDED
        Reverse_Off                         9108
        All_Wheel_Off                       9112
        Forward_Off                         90FE
        rightTurn                           90C0
        drivePivot                          8B72
        ?setjmp_save_r4                     NOT NEEDED
        ?setjmp_save_r5                     NOT NEEDED
        TB0CCTL2                            0386
        TB0CCTL2_H                          0387
        TB0CCTL2_L                          0386
        TB3CCR1                             0454
        TB3CCR1_H                           0455
        TB3CCR1_L                           0454
        TB3CCR2                             0456
        TB3CCR2_H                           0457
        TB3CCR2_L                           0456
        TB3CCR3                             0458
        TB3CCR3_H                           0459
        TB3CCR3_L                           0458
        TB3CCR4                             045A
        TB3CCR4_H                           045B
        TB3CCR4_L                           045A
init ( C:\Users\Michael\Documents\2019\ECE 306\ECE-306_code\Project 07 - OLD\Debug\Obj\init.r43 )
        Init_Conditions                     8CFA
        ?setjmp_save_r4                     NOT NEEDED
        ?setjmp_save_r5                     NOT NEEDED
intercept ( C:\Users\Michael\Documents\2019\ECE 306\ECE-306_code\Project 07 - OLD\Debug\Obj\intercept.r43 )
        _A_TB0CCTL2_L                       NOT NEEDED
        searching                           2000
        endWait                             2016
        intercept                           86C4
        ?setjmp_save_r4                     NOT NEEDED
        ?setjmp_save_r5                     NOT NEEDED
        TB0CCTL2                            0386
        TB0CCTL2_H                          0387
        TB0CCTL2_L                          0386
interrupt_ADC ( C:\Users\Michael\Documents\2019\ECE 306\ECE-306_code\Project 07 - OLD\Debug\Obj\interrupt_ADC.r43 )
        _A_ADCCTL0_L                        NOT NEEDED
        _A_ADCMCTL0_L                       NOT NEEDED
        _A_ADCMEM0_L                        0712
        _A_ADCIV_L                          071E
        channel                             2018
        V_Detect_R                          201A
        V_Detect_L                          202A
        R_count                             203A
        L_count                             203C
        ADC_Thumb                           203E
        ADC_ISR                             80BA
        ADC_ISR::??INTVEC 58                FFDC
        ?setjmp_save_r4                     NOT NEEDED
        ?setjmp_save_r5                     NOT NEEDED
        ADCCTL0                             0700
        ADCCTL0_H                           0701
        ADCCTL0_L                           0700
        ADCMCTL0                            070A
        ADCMCTL0_H                          070B
        ADCMCTL0_L                          070A
        ADCMEM0                             0712
        ADCMEM0_H                           0713
        ADCMEM0_L                           0712
        ADCIV                               071E
        ADCIV_H                             071F
        ADCIV_L                             071E
interrupt_switch1 ( C:\Users\Michael\Documents\2019\ECE 306\ECE-306_code\Project 07 - OLD\Debug\Obj\interrupt_switch1.r43 )
        _A_PBIE_L                           023A
        _A_PBIFG_L                          023C
        _A_TB0CCTL1_L                       0384
        oneTime1                            NOT NEEDED
        switch1_interrupt                   8150
        switch1_interrupt::??INTVEC 44      FFCE
        ?setjmp_save_r4                     NOT NEEDED
        ?setjmp_save_r5                     NOT NEEDED
        PBIE                                023A
        PBIE_H                              023B
        PBIE_L                              023A
        PBIFG                               023C
        PBIFG_H                             023D
        PBIFG_L                             023C
        TB0CCTL1                            0384
        TB0CCTL1_H                          0385
        TB0CCTL1_L                          0384
interrupt_switch2 ( C:\Users\Michael\Documents\2019\ECE 306\ECE-306_code\Project 07 - OLD\Debug\Obj\interrupt_switch2.r43 )
        _A_PAIE_L                           021A
        _A_PAIFG_L                          021C
        _A_TB0CCTL1_L                       NOT NEEDED
        oneTime2                            NOT NEEDED
        switch2_interrupt                   816E
        switch2_interrupt::??INTVEC 48      FFD2
        ?setjmp_save_r4                     NOT NEEDED
        ?setjmp_save_r5                     NOT NEEDED
        PAIE                                021A
        PAIE_H                              021B
        PAIE_L                              021A
        PAIFG                               021C
        PAIFG_H                             021D
        PAIFG_L                             021C
        TB0CCTL1                            0384
        TB0CCTL1_H                          0385
        TB0CCTL1_L                          0384
interrupt_timer ( C:\Users\Michael\Documents\2019\ECE 306\ECE-306_code\Project 07 - OLD\Debug\Obj\interrupt_timer.r43 )
        _A_PAIE_L                           NOT NEEDED
        _A_PAIFG_L                          NOT NEEDED
        _A_PBIE_L                           NOT NEEDED
        _A_PBIFG_L                          NOT NEEDED
        _A_TB0CCTL1_L                       NOT NEEDED
        _A_TB0CCTL2_L                       NOT NEEDED
        _A_TB0CCR0_L                        0392
        _A_TB0CCR1_L                        0394
        _A_TB0CCR2_L                        0396
        _A_TB0IV_L                          03AE
        Time_Sequence                       2040
        one_time                            2074
        blink_count                         NOT NEEDED
        debounce1                           2042
        debounce1_count                     2044
        debounce2                           2046
        debounce2_count                     2048
        update_count                        204A
        newDrive                            204C
        newDrive_count                      204E
        newSecond                           2050
        second_count                        2052
        time_count                          2054
        time_count_en                       2056
        wait_count                          2058
        sample                              205A
        waitTime                            205C
        Timer0_B0_ISR                       818C
        Timer0_B1_ISR                       8206
        Timer0_B1_ISR::??INTVEC 84          FFF6
        Timer0_B0_ISR::??INTVEC 86          FFF8
        ?setjmp_save_r4                     NOT NEEDED
        ?setjmp_save_r5                     NOT NEEDED
        PAIE                                021A
        PAIE_H                              021B
        PAIE_L                              021A
        PAIFG                               021C
        PAIFG_H                             021D
        PAIFG_L                             021C
        PBIE                                023A
        PBIE_H                              023B
        PBIE_L                              023A
        PBIFG                               023C
        PBIFG_H                             023D
        PBIFG_L                             023C
        TB0CCTL1                            0384
        TB0CCTL1_H                          0385
        TB0CCTL1_L                          0384
        TB0CCTL2                            0386
        TB0CCTL2_H                          0387
        TB0CCTL2_L                          0386
        TB0CCR0                             0392
        TB0CCR0_H                           0393
        TB0CCR0_L                           0392
        TB0CCR1                             0394
        TB0CCR1_H                           0395
        TB0CCR1_L                           0394
        TB0CCR2                             0396
        TB0CCR2_H                           0397
        TB0CCR2_L                           0396
        TB0IV                               03AE
        TB0IV_H                             03AF
        TB0IV_L                             03AE
LCD ( C:\Users\Michael\Documents\2019\ECE 306\ECE-306_code\Project 07 - OLD\Compiled\LCD.r43 )
        _A_PBOUT_L                          0222
        _A_TB0CCTL2_L                       NOT NEEDED
        _A_TB0CCR2_L                        NOT NEEDED
        _A_UCB1CTLW0_L                      05C0
        _A_UCB1BRW_L                        05C6
        _A_UCB1RXBUF_L                      05CC
        _A_UCB1TXBUF_L                      05CE
        _A_UCB1IFG_L                        05EC
        current_character                   2075
        update_display_count                205E
        display_update_time                 NOT NEEDED
        update_display                      2076
        display_changed                     2077
        lcd_control                         NOT NEEDED
        display_line                        2078
        display                             2060
        posi_L1                             NOT NEEDED
        posi_L2                             NOT NEEDED
        posi_L3                             NOT NEEDED
        posi_L4                             NOT NEEDED
        char_count                          NOT NEEDED
        current_line                        NOT NEEDED
        LCD_test                            NOT NEEDED
        spi_chipselect_idle                 90AE
        spi_chipselect_active               90F2
        spi_reset_idle                      9122
        spi_reset_active                    9128
        Display_Process                     8F8C
        Display_Update                      8E34
        enable_display_update               NOT NEEDED
        update_string                       NOT NEEDED
        Init_LCD                            8628
        lcd_4line                           NOT NEEDED
        lcd_BIG_mid                         NOT NEEDED
        lcd_out                             8F44
        lcd_puts                            NOT NEEDED
        WriteIns                            8EF8
        WriteData                           8F1E
        CheckBusy                           NOT NEEDED
        ClrDisplay                          8FFA
        ClrDisplay_Buffer_0                 9010
        ClrDisplay_Buffer_1                 9060
        ClrDisplay_Buffer_2                 9088
        ClrDisplay_Buffer_3                 9038
        SetPostion                          NOT NEEDED
        DisplayOnOff                        904C
        Init_SPI_B1                         8EBA
        SPI_B1_write                        8FAE
        ?setjmp_save_r4                     NOT NEEDED
        ?setjmp_save_r5                     NOT NEEDED
        PBOUT                               0222
        PBOUT_H                             0223
        PBOUT_L                             0222
        TB0CCTL2                            0386
        TB0CCTL2_H                          0387
        TB0CCTL2_L                          0386
        TB0CCR2                             0396
        TB0CCR2_H                           0397
        TB0CCR2_L                           0396
        UCB1CTLW0                           05C0
        UCB1CTLW0_H                         05C1
        UCB1CTLW0_L                         05C0
        UCB1BRW                             05C6
        UCB1BRW_H                           05C7
        UCB1BRW_L                           05C6
        UCB1RXBUF                           05CC
        UCB1RXBUF_H                         05CD
        UCB1RXBUF_L                         05CC
        UCB1TXBUF                           05CE
        UCB1TXBUF_H                         05CF
        UCB1TXBUF_L                         05CE
        UCB1IFG                             05EC
        UCB1IFG_H                           05ED
        UCB1IFG_L                           05EC
led ( C:\Users\Michael\Documents\2019\ECE 306\ECE-306_code\Project 07 - OLD\Debug\Obj\led.r43 )
        _A_PAOUT_L                          NOT NEEDED
        _A_PCOUT_L                          NOT NEEDED
        Init_LEDs                           NOT NEEDED
        ?setjmp_save_r4                     NOT NEEDED
        ?setjmp_save_r5                     NOT NEEDED
        PAOUT                               0202
        PAOUT_H                             0203
        PAOUT_L                             0202
        PCOUT                               0242
        PCOUT_H                             0243
        PCOUT_L                             0242
main ( C:\Users\Michael\Documents\2019\ECE 306\ECE-306_code\Project 07 - OLD\Debug\Obj\main.r43 )
        _A_PCOUT_L                          NOT NEEDED
        _A_PM5CTL0_L                        NOT NEEDED
        _A_TB0CCTL2_L                       NOT NEEDED
        slow_input_down                     NOT NEEDED
        display_mode                        NOT NEEDED
        test_value                          NOT NEEDED
        chosen_direction                    NOT NEEDED
        change                              NOT NEEDED
        Last_Time_Sequence                  NOT NEEDED
        cycle_time                          NOT NEEDED
        time_change                         NOT NEEDED
        time_change2                        NOT NEEDED
        switchONE                           2068
        switchTWO                           206A
        capture                             206C
        testTurn                            206E
        main                                82C8
        ?setjmp_save_r4                     NOT NEEDED
        ?setjmp_save_r5                     NOT NEEDED
        PCOUT                               0242
        PCOUT_H                             0243
        PCOUT_L                             0242
        PM5CTL0                             0130
        PM5CTL0_H                           0131
        PM5CTL0_L                           0130
        TB0CCTL2                            0386
        TB0CCTL2_H                          0387
        TB0CCTL2_L                          0386
pid ( C:\Users\Michael\Documents\2019\ECE 306\ECE-306_code\Project 07 - OLD\Debug\Obj\pid.r43 )
        _A_TB0CCTL2_L                       NOT NEEDED
        _A_TB3CCR1_L                        NOT NEEDED
        _A_TB3CCR2_L                        NOT NEEDED
        r_error                             NOT NEEDED
        l_error                             NOT NEEDED
        current_error                       NOT NEEDED
        previous_error                      NOT NEEDED
        sum_error                           NOT NEEDED
        delta_error                         NOT NEEDED
        proportional                        NOT NEEDED
        integral                            NOT NEEDED
        derivative                          NOT NEEDED
        lspeed                              NOT NEEDED
        rspeed                              NOT NEEDED
        runDrive                            NOT NEEDED
        current_state                       NOT NEEDED
        previous_state                      NOT NEEDED
        getCurrentState                     NOT NEEDED
        followCircle                        8994
        ?setjmp_save_r4                     NOT NEEDED
        ?setjmp_save_r5                     NOT NEEDED
        TB0CCTL2                            0386
        TB0CCTL2_H                          0387
        TB0CCTL2_L                          0386
        TB3CCR1                             0454
        TB3CCR1_H                           0455
        TB3CCR1_L                           0454
        TB3CCR2                             0456
        TB3CCR2_H                           0457
        TB3CCR2_L                           0456
ports ( C:\Users\Michael\Documents\2019\ECE 306\ECE-306_code\Project 07 - OLD\Debug\Obj\ports.r43 )
        _A_PAOUT_L                          NOT NEEDED
        _A_PADIR_L                          0204
        _A_PAREN_L                          0206
        _A_PASEL0_L                         020A
        _A_PASEL1_L                         020C
        _A_PAIES_L                          0218
        _A_PAIE_L                           NOT NEEDED
        _A_PAIFG_L                          NOT NEEDED
        _A_PBOUT_L                          NOT NEEDED
        _A_PBDIR_L                          0224
        _A_PBREN_L                          0226
        _A_PBSEL0_L                         022A
        _A_PBSEL1_L                         022C
        _A_PBIES_L                          0238
        _A_PBIE_L                           NOT NEEDED
        _A_PBIFG_L                          NOT NEEDED
        _A_PCOUT_L                          NOT NEEDED
        _A_PCDIR_L                          0244
        _A_PCREN_L                          0246
        _A_PCSEL0_L                         024A
        _A_PCSEL1_L                         024C
        Init_Ports                          8FCA
        Init_Port1                          8B04
        Init_Port2                          875A
        Init_Port3                          8A18
        Init_Port4                          87F0
        Init_Port5                          8C3E
        Init_Port6                          890C
        wheelControl                        NOT NEEDED
        ?setjmp_save_r4                     NOT NEEDED
        ?setjmp_save_r5                     NOT NEEDED
        PAOUT                               0202
        PAOUT_H                             0203
        PAOUT_L                             0202
        PADIR                               0204
        PADIR_H                             0205
        PADIR_L                             0204
        PAREN                               0206
        PAREN_H                             0207
        PAREN_L                             0206
        PASEL0                              020A
        PASEL0_H                            020B
        PASEL0_L                            020A
        PASEL1                              020C
        PASEL1_H                            020D
        PASEL1_L                            020C
        PAIES                               0218
        PAIES_H                             0219
        PAIES_L                             0218
        PAIE                                021A
        PAIE_H                              021B
        PAIE_L                              021A
        PAIFG                               021C
        PAIFG_H                             021D
        PAIFG_L                             021C
        PBOUT                               0222
        PBOUT_H                             0223
        PBOUT_L                             0222
        PBDIR                               0224
        PBDIR_H                             0225
        PBDIR_L                             0224
        PBREN                               0226
        PBREN_H                             0227
        PBREN_L                             0226
        PBSEL0                              022A
        PBSEL0_H                            022B
        PBSEL0_L                            022A
        PBSEL1                              022C
        PBSEL1_H                            022D
        PBSEL1_L                            022C
        PBIES                               0238
        PBIES_H                             0239
        PBIES_L                             0238
        PBIE                                023A
        PBIE_H                              023B
        PBIE_L                              023A
        PBIFG                               023C
        PBIFG_H                             023D
        PBIFG_L                             023C
        PCOUT                               0242
        PCOUT_H                             0243
        PCOUT_L                             0242
        PCDIR                               0244
        PCDIR_H                             0245
        PCDIR_L                             0244
        PCREN                               0246
        PCREN_H                             0247
        PCREN_L                             0246
        PCSEL0                              024A
        PCSEL0_H                            024B
        PCSEL0_L                            024A
        PCSEL1                              024C
        PCSEL1_H                            024D
        PCSEL1_L                            024C
system ( C:\Users\Michael\Documents\2019\ECE 306\ECE-306_code\Project 07 - OLD\Debug\Obj\system.r43 )
        enable_interrupts                   912E
        ?setjmp_save_r4                     NOT NEEDED
        ?setjmp_save_r5                     NOT NEEDED
time_display ( C:\Users\Michael\Documents\2019\ECE 306\ECE-306_code\Project 07 - OLD\Debug\Obj\time_display.r43 )
        time_display                        8DEA
        ?setjmp_save_r4                     NOT NEEDED
        ?setjmp_save_r5                     NOT NEEDED
timers ( C:\Users\Michael\Documents\2019\ECE 306\ECE-306_code\Project 07 - OLD\Debug\Obj\timers.r43 )
        _A_TB0CTL_L                         0380
        _A_TB0CCTL0_L                       0382
        _A_TB0CCTL1_L                       NOT NEEDED
        _A_TB0CCTL2_L                       NOT NEEDED
        _A_TB0CCR0_L                        NOT NEEDED
        _A_TB0CCR1_L                        NOT NEEDED
        _A_TB0CCR2_L                        NOT NEEDED
        _A_TB0EX0_L                         03A0
        _A_TB3CTL_L                         0440
        _A_TB3CCTL1_L                       0444
        _A_TB3CCTL2_L                       0446
        _A_TB3CCTL3_L                       0448
        _A_TB3CCTL4_L                       044A
        _A_TB3CCR0_L                        0452
        _A_TB3CCR1_L                        NOT NEEDED
        _A_TB3CCR2_L                        NOT NEEDED
        _A_TB3CCR3_L                        NOT NEEDED
        _A_TB3CCR4_L                        NOT NEEDED
        Init_Timers                         911A
        Init_Timer_B0                       8CA0
        Init_Timer_B3                       8E7A
        ?setjmp_save_r4                     NOT NEEDED
        ?setjmp_save_r5                     NOT NEEDED
        TB0CTL                              0380
        TB0CTL_H                            0381
        TB0CTL_L                            0380
        TB0CCTL0                            0382
        TB0CCTL0_H                          0383
        TB0CCTL0_L                          0382
        TB0CCTL1                            0384
        TB0CCTL1_H                          0385
        TB0CCTL1_L                          0384
        TB0CCTL2                            0386
        TB0CCTL2_H                          0387
        TB0CCTL2_L                          0386
        TB0CCR0                             0392
        TB0CCR0_H                           0393
        TB0CCR0_L                           0392
        TB0CCR1                             0394
        TB0CCR1_H                           0395
        TB0CCR1_L                           0394
        TB0CCR2                             0396
        TB0CCR2_H                           0397
        TB0CCR2_L                           0396
        TB0EX0                              03A0
        TB0EX0_H                            03A1
        TB0EX0_L                            03A0
        TB3CTL                              0440
        TB3CTL_H                            0441
        TB3CTL_L                            0440
        TB3CCTL1                            0444
        TB3CCTL1_H                          0445
        TB3CCTL1_L                          0444
        TB3CCTL2                            0446
        TB3CCTL2_H                          0447
        TB3CCTL2_L                          0446
        TB3CCTL3                            0448
        TB3CCTL3_H                          0449
        TB3CCTL3_L                          0448
        TB3CCTL4                            044A
        TB3CCTL4_H                          044B
        TB3CCTL4_L                          044A
        TB3CCR0                             0452
        TB3CCR0_H                           0453
        TB3CCR0_L                           0452
        TB3CCR1                             0454
        TB3CCR1_H                           0455
        TB3CCR1_L                           0454
        TB3CCR2                             0456
        TB3CCR2_H                           0457
        TB3CCR2_L                           0456
        TB3CCR3                             0458
        TB3CCR3_H                           0459
        TB3CCR3_L                           0458
        TB3CCR4                             045A
        TB3CCR4_H                           045B
        TB3CCR4_L                           045A
?abort ( C:\Program Files (x86)\IAR Systems\Embedded Workbench 8.0\430\lib\dlib\dl430xlsfn.r43 )
        abort                               NOT NEEDED
?__dbg_break ( C:\Program Files (x86)\IAR Systems\Embedded Workbench 8.0\430\lib\dlib\dl430xlsfn.r43 )
        __DebugBreak                        9140
?__dwrite ( C:\Program Files (x86)\IAR Systems\Embedded Workbench 8.0\430\lib\dlib\dl430xlsfn.r43 )
        __dwrite                            NOT NEEDED
?__exit ( C:\Program Files (x86)\IAR Systems\Embedded Workbench 8.0\430\lib\dlib\dl430xlsfn.r43 )
        __exit                              9074
?__write ( C:\Program Files (x86)\IAR Systems\Embedded Workbench 8.0\430\lib\dlib\dl430xlsfn.r43 )
        __write                             NOT NEEDED
?_exit ( C:\Program Files (x86)\IAR Systems\Embedded Workbench 8.0\430\lib\dlib\dl430xlsfn.r43 )
        _exit                               9134
        __cstart_call_dtors                 NOT NEEDED
        __cstart_closeall                   NOT NEEDED
        __cstart_clearlocks                 NOT NEEDED
?cppinit ( C:\Program Files (x86)\IAR Systems\Embedded Workbench 8.0\430\lib\dlib\dl430xlsfn.r43 )
        __call_ctors                        NOT NEEDED
        __alloc_record_needed_destruction   NOT NEEDED
        __record_needed_destruction         NOT NEEDED
        __call_dtors                        NOT NEEDED
        __data16_vec_cctor                  NOT NEEDED
?cstart ( C:\Program Files (x86)\IAR Systems\Embedded Workbench 8.0\430\lib\dlib\dl430xlsfn.r43 )
        __program_start                     8092
        ?cstart_begin                       8092
        ?cstart_call_mpu_init               NOT NEEDED
        ?cstart_call_frwp_init              NOT NEEDED
        ?cstart_call_low_level_init         NOT NEEDED
        ?cstart_init_copy_ramfunc           NOT NEEDED
        ?cstart_init_zero                   8096
        ?cstart_init_copy                   80A2
        ?cstart_init_zero20                 NOT NEEDED
        ?cstart_init_copy20                 NOT NEEDED
        __cstart_init_tls                   NOT NEEDED
        ?cstart_call_ctors                  NOT NEEDED
        ?cstart_call_main                   80B2
        ?cstart_end                         80BA
lowinit ( C:\Program Files (x86)\IAR Systems\Embedded Workbench 8.0\430\lib\dlib\dl430xlsfn.r43 )
        __low_level_init                    NOT NEEDED
?reset_vector ( C:\Program Files (x86)\IAR Systems\Embedded Workbench 8.0\430\lib\dlib\dl430xlsfn.r43 )
        ?reset_vector                       FFFE
?exit ( C:\Program Files (x86)\IAR Systems\Embedded Workbench 8.0\430\lib\dlib\dl430xlsfn.r43 )
        exit                                913C
?FrwpInit ( C:\Program Files (x86)\IAR Systems\Embedded Workbench 8.0\430\lib\dlib\dl430xlsfn.r43 )
        __iar_430_frwp_init                 NOT NEEDED
?malloc ( C:\Program Files (x86)\IAR Systems\Embedded Workbench 8.0\430\lib\dlib\dl430xlsfn.r43 )
        malloc                              NOT NEEDED
?DivMod816u ( C:\Program Files (x86)\IAR Systems\Embedded Workbench 8.0\430\lib\dlib\dl430xlsfn.r43 )
        ?DivMod8u                           NOT NEEDED
        ?DivMod16u                          8FE2
?memcpy ( C:\Program Files (x86)\IAR Systems\Embedded Workbench 8.0\430\lib\dlib\dl430xlsfn.r43 )
        memcpy                              909C
?memmove ( C:\Program Files (x86)\IAR Systems\Embedded Workbench 8.0\430\lib\dlib\dl430xlsfn.r43 )
        memmove                             NOT NEEDED
?memzero ( C:\Program Files (x86)\IAR Systems\Embedded Workbench 8.0\430\lib\dlib\dl430xlsfn.r43 )
        __data16_memzero                    90E2
        __data16_memcpy                     9138
        __data16_memmove                    NOT NEEDED
?MpuInit ( C:\Program Files (x86)\IAR Systems\Embedded Workbench 8.0\430\lib\dlib\dl430xlsfn.r43 )
        __iar_430_mpu_init                  NOT NEEDED
        ?mpu1_4k_init                       NOT NEEDED
        ?mpu1_8k_init                       NOT NEEDED
        ?mpu1_16k_init                      NOT NEEDED
        ?mpu2_init                          NOT NEEDED
?setjmp ( C:\Program Files (x86)\IAR Systems\Embedded Workbench 8.0\430\lib\dlib\dl430xlsfn.r43 )
        setjmp                              NOT NEEDED
        ?setjmp_r5                          NOT NEEDED
        ?setjmp_r4                          NOT NEEDED
        ?setjmp_end                         NOT NEEDED
?longjmp ( C:\Program Files (x86)\IAR Systems\Embedded Workbench 8.0\430\lib\dlib\dl430xlsfn.r43 )
        longjmp                             NOT NEEDED
        ?longjmp_r5                         NOT NEEDED
        ?longjmp_r4                         NOT NEEDED
        ?longjmp_end                        NOT NEEDED
?IndCallR11 ( C:\Program Files (x86)\IAR Systems\Embedded Workbench 8.0\430\lib\dlib\dl430xlsfn.r43 )
        ?IndCallR11                         NOT NEEDED
?IndCallR15 ( C:\Program Files (x86)\IAR Systems\Embedded Workbench 8.0\430\lib\dlib\dl430xlsfn.r43 )
        ?IndCallR15                         NOT NEEDED
?strcpy ( C:\Program Files (x86)\IAR Systems\Embedded Workbench 8.0\430\lib\dlib\dl430xlsfn.r43 )
        strcpy                              90D2
?xcloseall ( C:\Program Files (x86)\IAR Systems\Embedded Workbench 8.0\430\lib\dlib\dl430xlsfn.r43 )
        _Close_all                          NOT NEEDED
?xgetmemchunk ( C:\Program Files (x86)\IAR Systems\Embedded Workbench 8.0\430\lib\dlib\dl430xlsfn.r43 )
        __data16_GetMemChunk                NOT NEEDED
?xxmemxfree ( C:\Program Files (x86)\IAR Systems\Embedded Workbench 8.0\430\lib\dlib\dl430xlsfn.r43 )
        __data16_free                       NOT NEEDED
?xxmemxmalloc ( C:\Program Files (x86)\IAR Systems\Embedded Workbench 8.0\430\lib\dlib\dl430xlsfn.r43 )
        __data16_Aldata                     NOT NEEDED
        __data16_malloc                     NOT NEEDED
        __data16_findmem                     LOCAL, NOT NEEDED


                ****************************************
                *                                      *
                *            MODULE SUMMARY            *
                *                                      *
                ****************************************

Module               CODE      DATA      CONST
------               ----      ----      -----
                    (Rel)  (Rel)  (Abs)  (Rel)
?DivMod816u            24
?__dbg_break            2
?__exit                20
?_exit                  4
?cstart                40
?exit                   4
?memcpy                18
?memzero               20
?reset_vector           2
?strcpy                16
ADC                   148             6     10
  + shared                            6
BCD                   138      4
LCD                   626     57     10
  + shared                            2
calibrate             404     17            34
  + shared                            2
clocks                320            18
  + shared                            2
cruise                168      2
  + shared                           10
init                   86
intercept             150      4            34
interrupt_ADC         150     40      4
  + common             60
interrupt_switch1      30
  + shared             46             6
  + common
interrupt_switch2      30
  + shared             50             4
  + common
interrupt_timer       316     31      2
  + shared             88             6
  + common
main                  396      8            66
pid                   132
ports                 788            28
system                  6
time_display           74
timers                162            18
N/A (command line)           160
N/A (alignment)
----------          -----    ---    ---    ---
Total:              4 274    323    124    144
  + common             88


                ****************************************
                *                                      *
                *      SEGMENTS IN ADDRESS ORDER       *
                *                                      *
                ****************************************


SEGMENT              SPACE    START ADDRESS   END ADDRESS     SIZE  TYPE  ALIGN
=======              =====    =============   ===========     ====  ====  =====
DATA16_AN                              0102 - 0103               2   rel    0
                                       0130 - 0131               2 
                                       0180 - 018B               C 
                                       018E - 018F               2 
                                       01CC - 01CD               2 
                                       0202 - 0207               6 
                                       020A - 020D               4 
                                       0218 - 021D               6 
                                       0222 - 0227               6 
                                       022A - 022D               4 
                                       0238 - 023D               6 
                                       0242 - 0247               6 
                                       024A - 024D               4 
                                       0380 - 0387               8 
                                       0392 - 0397               6 
                                       03A0 - 03A1               2 
                                       03AE - 03AF               2 
                                       0440 - 0441               2 
                                       0444 - 044B               8 
                                       0452 - 045B               A 
                                       05C0 - 05C1               2 
                                       05C6 - 05C7               2 
                                       05CC - 05CF               4 
                                       05EC - 05ED               2 
                                       0700 - 0705               6 
                                       070A - 070B               2 
                                       0712 - 0713               2 
                                       071A - 071B               2 
                                       071E - 071F               2 
DATA16_I                               2000 - 2002               3   rel    1
DATA16_Z                               2004 - 20A3              A0   rel    1
CODE_I                                    20A4                       rel    1
DATA20_I                                  20A4                       rel    1
DATA20_Z                                  20A4                       rel    1
DATA20_N                                  20A4                       rel    1
CSTACK                                 2F60 - 2FFF              A0   rel    1
DATA16_C                               8000 - 808C              8D   rel    0
DATA16_ID                              808E - 8090               3   rel    1
DATA20_ID                                 8092                       rel    1
DATA20_C                                  8092                       rel    1
CSTART                                 8092 - 80B9              28   rel    1
ISR_CODE                               80BA - 82C7             20E   rel    1
CODE_ID                                   82C8                       rel    1
<CODE> 1                               82C8 - 9141             E7A   rel    1
INTVEC                                 FFA2 - FFF9              58   com    1
RESET                                  FFFE - FFFF               2   rel    1

                ****************************************
                *                                      *
                *        END OF CROSS REFERENCE        *
                *                                      *
                ****************************************

 4 362 bytes of CODE  memory
   323 bytes of DATA  memory (+ 124 absolute )
   144 bytes of CONST memory

Errors: none
Warnings: none

